HELLO WORLD!
HELLO WORLD!
java.runtime.name:all-js
path.separator:/
